

================================================================
== Vivado HLS Report for 'Loop_F_i3_proc7'
================================================================
* Date:           Mon Feb 21 13:58:41 2022

* Version:        2019.1.3 (Build 2642998 on Wed Sep 04 10:25:22 MDT 2019)
* Project:        out.prj
* Solution:       solution1
* Product family: zynq
* Target device:  xc7z020-clg484-1


================================================================
== Performance Estimates
================================================================
+ Timing (ns): 
    * Summary: 
    +--------+-------+----------+------------+
    |  Clock | Target| Estimated| Uncertainty|
    +--------+-------+----------+------------+
    |ap_clk  |  10.00|     6.186|        1.25|
    +--------+-------+----------+------------+

+ Latency (clock cycles): 
    * Summary: 
    +------+------+------+------+---------+
    |   Latency   |   Interval  | Pipeline|
    |  min |  max |  min |  max |   Type  |
    +------+------+------+------+---------+
    |  2113|  2113|  2113|  2113|   none  |
    +------+------+------+------+---------+

    + Detail: 
        * Instance: 
        N/A

        * Loop: 
        +----------+------+------+----------+-----------+-----------+------+----------+
        |          |   Latency   | Iteration|  Initiation Interval  | Trip |          |
        | Loop Name|  min |  max |  Latency |  achieved |   target  | Count| Pipelined|
        +----------+------+------+----------+-----------+-----------+------+----------+
        |- F_i3    |  2112|  2112|        66|          -|          -|    32|    no    |
        | + F_j3   |    64|    64|         2|          -|          -|    32|    no    |
        +----------+------+------+----------+-----------+-----------+------+----------+



================================================================
== Utilization Estimates
================================================================
* Summary: 
+-----------------+---------+-------+--------+-------+-----+
|       Name      | BRAM_18K| DSP48E|   FF   |  LUT  | URAM|
+-----------------+---------+-------+--------+-------+-----+
|DSP              |        -|      -|       -|      -|    -|
|Expression       |        -|      -|       0|    107|    -|
|FIFO             |        -|      -|       -|      -|    -|
|Instance         |        -|      -|       -|      -|    -|
|Memory           |        -|      -|       -|      -|    -|
|Multiplexer      |        -|      -|       -|     72|    -|
|Register         |        -|      -|      79|      -|    -|
+-----------------+---------+-------+--------+-------+-----+
|Total            |        0|      0|      79|    179|    0|
+-----------------+---------+-------+--------+-------+-----+
|Available        |      280|    220|  106400|  53200|    0|
+-----------------+---------+-------+--------+-------+-----+
|Utilization (%)  |        0|      0|   ~0   |   ~0  |    0|
+-----------------+---------+-------+--------+-------+-----+

+ Detail: 
    * Instance: 
    N/A

    * DSP48E: 
    N/A

    * Memory: 
    N/A

    * FIFO: 
    N/A

    * Expression: 
    +----------------------+----------+-------+---+----+------------+------------+
    |     Variable Name    | Operation| DSP48E| FF| LUT| Bitwidth P0| Bitwidth P1|
    +----------------------+----------+-------+---+----+------------+------------+
    |add_ln52_1_fu_139_p2  |     +    |      0|  0|  12|          12|          12|
    |add_ln52_fu_129_p2    |     +    |      0|  0|  39|          32|          32|
    |i3_fu_99_p2           |     +    |      0|  0|  15|           6|           1|
    |j3_fu_123_p2          |     +    |      0|  0|  15|           6|           1|
    |icmp_ln46_fu_93_p2    |   icmp   |      0|  0|  11|           6|           7|
    |icmp_ln47_fu_117_p2   |   icmp   |      0|  0|  11|           6|           7|
    |ap_block_state1       |    or    |      0|  0|   2|           1|           1|
    |ap_block_state3       |    or    |      0|  0|   2|           1|           1|
    +----------------------+----------+-------+---+----+------------+------------+
    |Total                 |          |      0|  0| 107|          70|          62|
    +----------------------+----------+-------+---+----+------------+------------+

    * Multiplexer: 
    +------------------+----+-----------+-----+-----------+
    |       Name       | LUT| Input Size| Bits| Total Bits|
    +------------------+----+-----------+-----+-----------+
    |D_pipe_2_V_blk_n  |   9|          2|    1|          2|
    |E_pipe_3_V_blk_n  |   9|          2|    1|          2|
    |ap_NS_fsm         |  27|          5|    1|          5|
    |ap_done           |   9|          2|    1|          2|
    |i3_0_reg_71       |   9|          2|    6|         12|
    |j3_0_reg_82       |   9|          2|    6|         12|
    +------------------+----+-----------+-----+-----------+
    |Total             |  72|         15|   16|         35|
    +------------------+----+-----------+-----+-----------+

    * Register: 
    +--------------------+----+----+-----+-----------+
    |        Name        | FF | LUT| Bits| Const Bits|
    +--------------------+----+----+-----+-----------+
    |add_ln52_1_reg_174  |  12|   0|   12|          0|
    |add_ln52_reg_169    |  32|   0|   32|          0|
    |ap_CS_fsm           |   4|   0|    4|          0|
    |ap_done_reg         |   1|   0|    1|          0|
    |i3_0_reg_71         |   6|   0|    6|          0|
    |i3_reg_151          |   6|   0|    6|          0|
    |j3_0_reg_82         |   6|   0|    6|          0|
    |j3_reg_164          |   6|   0|    6|          0|
    |zext_ln47_reg_156   |   6|   0|   12|          6|
    +--------------------+----+----+-----+-----------+
    |Total               |  79|   0|   85|          6|
    +--------------------+----+----+-----+-----------+



================================================================
== Interface
================================================================
* Summary: 
+--------------------+-----+-----+------------+-----------------+--------------+
|      RTL Ports     | Dir | Bits|  Protocol  |  Source Object  |    C Type    |
+--------------------+-----+-----+------------+-----------------+--------------+
|ap_clk              |  in |    1| ap_ctrl_hs | Loop_F_i3_proc7 | return value |
|ap_rst              |  in |    1| ap_ctrl_hs | Loop_F_i3_proc7 | return value |
|ap_start            |  in |    1| ap_ctrl_hs | Loop_F_i3_proc7 | return value |
|ap_done             | out |    1| ap_ctrl_hs | Loop_F_i3_proc7 | return value |
|ap_continue         |  in |    1| ap_ctrl_hs | Loop_F_i3_proc7 | return value |
|ap_idle             | out |    1| ap_ctrl_hs | Loop_F_i3_proc7 | return value |
|ap_ready            | out |    1| ap_ctrl_hs | Loop_F_i3_proc7 | return value |
|D_pipe_2_V_dout     |  in |   32|   ap_fifo  |    D_pipe_2_V   |    pointer   |
|D_pipe_2_V_empty_n  |  in |    1|   ap_fifo  |    D_pipe_2_V   |    pointer   |
|D_pipe_2_V_read     | out |    1|   ap_fifo  |    D_pipe_2_V   |    pointer   |
|E_pipe_3_V_dout     |  in |   32|   ap_fifo  |    E_pipe_3_V   |    pointer   |
|E_pipe_3_V_empty_n  |  in |    1|   ap_fifo  |    E_pipe_3_V   |    pointer   |
|E_pipe_3_V_read     | out |    1|   ap_fifo  |    E_pipe_3_V   |    pointer   |
|F_address0          | out |   10|  ap_memory |        F        |     array    |
|F_ce0               | out |    1|  ap_memory |        F        |     array    |
|F_we0               | out |    1|  ap_memory |        F        |     array    |
|F_d0                | out |   32|  ap_memory |        F        |     array    |
+--------------------+-----+-----+------------+-----------------+--------------+

